I'm sorry, but errors were detected in your script. Please correct the
errors listed below, and try again.


File "game/script.rpy", line 30: play requires a file
    play music menu
               ^

Ren'Py Version: Ren'Py 7.4.4.1439
Tue Jun 15 18:18:05 2021
